{
  "version": "1.5.0",
  "plugins_used": [
    {
      "name": "ArtifactoryDetector"
    },
    {
      "name": "AWSKeyDetector"
    },
    {
      "name": "AzureStorageKeyDetector"
    },
    {
      "name": "Base64HighEntropyString",
      "limit": 4.5
    },
    {
      "name": "BasicAuthDetector"
    },
    {
      "name": "CloudantDetector"
    },
    {
      "name": "DiscordBotTokenDetector"
    },
    {
      "name": "GitHubTokenDetector"
    },
    {
      "name": "GitLabTokenDetector"
    },
    {
      "name": "HexHighEntropyString",
      "limit": 3.0
    },
    {
      "name": "IbmCloudIamDetector"
    },
    {
      "name": "IbmCosHmacDetector"
    },
    {
      "name": "IPPublicDetector"
    },
    {
      "name": "JwtTokenDetector"
    },
    {
      "name": "KeywordDetector",
      "keyword_exclude": ""
    },
    {
      "name": "MailchimpDetector"
    },
    {
      "name": "NpmDetector"
    },
    {
      "name": "OpenAIDetector"
    },
    {
      "name": "PrivateKeyDetector"
    },
    {
      "name": "PypiTokenDetector"
    },
    {
      "name": "SendGridDetector"
    },
    {
      "name": "SlackDetector"
    },
    {
      "name": "SoftlayerDetector"
    },
    {
      "name": "SquareOAuthDetector"
    },
    {
      "name": "StripeDetector"
    },
    {
      "name": "TelegramBotTokenDetector"
    },
    {
      "name": "TwilioKeyDetector"
    }
  ],
  "filters_used": [
    {
      "path": "detect_secrets.filters.allowlist.is_line_allowlisted"
    },
    {
      "path": "detect_secrets.filters.common.is_baseline_file",
      "filename": ".secrets.baseline"
    },
    {
      "path": "detect_secrets.filters.common.is_ignored_due_to_verification_policies",
      "min_level": 2
    },
    {
      "path": "detect_secrets.filters.heuristic.is_indirect_reference"
    },
    {
      "path": "detect_secrets.filters.heuristic.is_likely_id_string"
    },
    {
      "path": "detect_secrets.filters.heuristic.is_lock_file"
    },
    {
      "path": "detect_secrets.filters.heuristic.is_not_alphanumeric_string"
    },
    {
      "path": "detect_secrets.filters.heuristic.is_potential_uuid"
    },
    {
      "path": "detect_secrets.filters.heuristic.is_prefixed_with_dollar_sign"
    },
    {
      "path": "detect_secrets.filters.heuristic.is_sequential_string"
    },
    {
      "path": "detect_secrets.filters.heuristic.is_swagger_file"
    },
    {
      "path": "detect_secrets.filters.heuristic.is_templated_secret"
    }
  ],
  "results": {
    ".github\\workflows\\ci.yml": [
      {
        "type": "Secret Keyword",
        "filename": ".github\\workflows\\ci.yml",
        "hashed_secret": "8474e51250ff0a3930d87bd2691e3defab68ea61",
        "is_verified": false,
        "line_number": 21
      },
      {
        "type": "Secret Keyword",
        "filename": ".github\\workflows\\ci.yml",
        "hashed_secret": "3b963a4d8b0745028c9be29ed7977415448fea56",
        "is_verified": false,
        "line_number": 36
      },
      {
        "type": "Basic Auth Credentials",
        "filename": ".github\\workflows\\ci.yml",
        "hashed_secret": "3b963a4d8b0745028c9be29ed7977415448fea56",
        "is_verified": false,
        "line_number": 54
      },
      {
        "type": "Secret Keyword",
        "filename": ".github\\workflows\\ci.yml",
        "hashed_secret": "23d8dfa82959a6057f4212b799433253bce64b89",
        "is_verified": false,
        "line_number": 56
      }
    ],
    "backend\\shared\\config.py": [
      {
        "type": "Basic Auth Credentials",
        "filename": "backend\\shared\\config.py",
        "hashed_secret": "eaec42ede67acb45ff1b315b958d55b6871519ed",
        "is_verified": false,
        "line_number": 25
      }
    ],
    "backend\\shared\\reliability.py": [
      {
        "type": "Secret Keyword",
        "filename": "backend\\shared\\reliability.py",
        "hashed_secret": "6a9f6c3fff9581a22ef10cabd544143e37c61b4f",
        "is_verified": false,
        "line_number": 90
      }
    ],
    "backend\\shared\\security.py": [
      {
        "type": "Secret Keyword",
        "filename": "backend\\shared\\security.py",
        "hashed_secret": "0540bb7230d7d8c65659d036d38813edac0fcbe6",
        "is_verified": false,
        "line_number": 46
      }
    ],
    "backend\\tests\\integration\\test_cross_cutting_security_hardening.py": [
      {
        "type": "Secret Keyword",
        "filename": "backend\\tests\\integration\\test_cross_cutting_security_hardening.py",
        "hashed_secret": "e5e9fa1ba31ecd1ae84f75caaa474f3a663f05f4",
        "is_verified": false,
        "line_number": 61
      }
    ],
    "backend\\tests\\integration\\test_data_platform.py": [
      {
        "type": "Secret Keyword",
        "filename": "backend\\tests\\integration\\test_data_platform.py",
        "hashed_secret": "f6d09cb9e8e822e6d248a6100bd7b4447dbbb8cb",
        "is_verified": false,
        "line_number": 44
      },
      {
        "type": "Secret Keyword",
        "filename": "backend\\tests\\integration\\test_data_platform.py",
        "hashed_secret": "888e3cb98d0383a4152bd5f41740e2127924a4d2",
        "is_verified": false,
        "line_number": 74
      }
    ],
    "backend\\tests\\integration\\test_execution_brokers_milestone6.py": [
      {
        "type": "Secret Keyword",
        "filename": "backend\\tests\\integration\\test_execution_brokers_milestone6.py",
        "hashed_secret": "e7cc4fc477bd7c78f6dc444a50f21a353ff4ae6b",
        "is_verified": false,
        "line_number": 69
      },
      {
        "type": "Secret Keyword",
        "filename": "backend\\tests\\integration\\test_execution_brokers_milestone6.py",
        "hashed_secret": "7dfee9b4b84d2051d36a14501ab0f19979834ffd",
        "is_verified": false,
        "line_number": 70
      }
    ],
    "backend\\tests\\integration\\test_m10_evidence_acceptance.py": [
      {
        "type": "Basic Auth Credentials",
        "filename": "backend\\tests\\integration\\test_m10_evidence_acceptance.py",
        "hashed_secret": "41ac567127bfa7c547b09eb346273dbf0b5ae4b3",
        "is_verified": false,
        "line_number": 355
      },
      {
        "type": "Base64 High Entropy String",
        "filename": "backend\\tests\\integration\\test_m10_evidence_acceptance.py",
        "hashed_secret": "6adc375a8522993f53cc8fe092abf946d0921dda",
        "is_verified": false,
        "line_number": 357
      },
      {
        "type": "Base64 High Entropy String",
        "filename": "backend\\tests\\integration\\test_m10_evidence_acceptance.py",
        "hashed_secret": "c1b0649dfb3ed2d6a1124caf6410fde4c78babeb",
        "is_verified": false,
        "line_number": 358
      },
      {
        "type": "Base64 High Entropy String",
        "filename": "backend\\tests\\integration\\test_m10_evidence_acceptance.py",
        "hashed_secret": "82fef95283008e8418689a293dbf98f3f4e087e1",
        "is_verified": false,
        "line_number": 366
      }
    ],
    "backend\\tests\\integration\\test_m9_go_live_gate.py": [
      {
        "type": "Basic Auth Credentials",
        "filename": "backend\\tests\\integration\\test_m9_go_live_gate.py",
        "hashed_secret": "41ac567127bfa7c547b09eb346273dbf0b5ae4b3",
        "is_verified": false,
        "line_number": 60
      },
      {
        "type": "Base64 High Entropy String",
        "filename": "backend\\tests\\integration\\test_m9_go_live_gate.py",
        "hashed_secret": "6adc375a8522993f53cc8fe092abf946d0921dda",
        "is_verified": false,
        "line_number": 62
      },
      {
        "type": "Base64 High Entropy String",
        "filename": "backend\\tests\\integration\\test_m9_go_live_gate.py",
        "hashed_secret": "c1b0649dfb3ed2d6a1124caf6410fde4c78babeb",
        "is_verified": false,
        "line_number": 63
      },
      {
        "type": "Base64 High Entropy String",
        "filename": "backend\\tests\\integration\\test_m9_go_live_gate.py",
        "hashed_secret": "82fef95283008e8418689a293dbf98f3f4e087e1",
        "is_verified": false,
        "line_number": 71
      }
    ],
    "backend\\tests\\unit\\test_production_readiness.py": [
      {
        "type": "Basic Auth Credentials",
        "filename": "backend\\tests\\unit\\test_production_readiness.py",
        "hashed_secret": "e8d4a2f731a2b37fcb169639d14ccb9350952d59",
        "is_verified": false,
        "line_number": 10
      },
      {
        "type": "Secret Keyword",
        "filename": "backend\\tests\\unit\\test_production_readiness.py",
        "hashed_secret": "e8d4a2f731a2b37fcb169639d14ccb9350952d59",
        "is_verified": false,
        "line_number": 12
      },
      {
        "type": "Basic Auth Credentials",
        "filename": "backend\\tests\\unit\\test_production_readiness.py",
        "hashed_secret": "41ac567127bfa7c547b09eb346273dbf0b5ae4b3",
        "is_verified": false,
        "line_number": 38
      },
      {
        "type": "Secret Keyword",
        "filename": "backend\\tests\\unit\\test_production_readiness.py",
        "hashed_secret": "46a888132fe3b5a5571bc7dd2d03e86b75d07694",
        "is_verified": false,
        "line_number": 40
      },
      {
        "type": "Secret Keyword",
        "filename": "backend\\tests\\unit\\test_production_readiness.py",
        "hashed_secret": "2f13b4845669ac587d371c1d9726d3d7d0be4d2f",
        "is_verified": false,
        "line_number": 44
      }
    ],
    "config\\external_apis.yaml": [
      {
        "type": "Secret Keyword",
        "filename": "config\\external_apis.yaml",
        "hashed_secret": "fbed204a6d9eb70181ccbaba7932dff12e5e4929",
        "is_verified": false,
        "line_number": 14
      },
      {
        "type": "Secret Keyword",
        "filename": "config\\external_apis.yaml",
        "hashed_secret": "bf6c2b0577e41ead978abb07910cc3b4d2813ed6",
        "is_verified": false,
        "line_number": 19
      },
      {
        "type": "Secret Keyword",
        "filename": "config\\external_apis.yaml",
        "hashed_secret": "82345afb47fe5239a0af57c67ba7855132beaa0b",
        "is_verified": false,
        "line_number": 24
      },
      {
        "type": "Secret Keyword",
        "filename": "config\\external_apis.yaml",
        "hashed_secret": "4ed8e956d212aee647b602347ea17cf0d5d1ea3d",
        "is_verified": false,
        "line_number": 29
      },
      {
        "type": "Secret Keyword",
        "filename": "config\\external_apis.yaml",
        "hashed_secret": "d29b2fdf161a301b95b67dc56de9bfbef89445e6",
        "is_verified": false,
        "line_number": 42
      },
      {
        "type": "Secret Keyword",
        "filename": "config\\external_apis.yaml",
        "hashed_secret": "b83c5160801d2643febcb8d0ec881ac43d96aff8",
        "is_verified": false,
        "line_number": 47
      },
      {
        "type": "Secret Keyword",
        "filename": "config\\external_apis.yaml",
        "hashed_secret": "02ecb94373bfb3dfe827ca18409f50b016e8302a",
        "is_verified": false,
        "line_number": 58
      },
      {
        "type": "Secret Keyword",
        "filename": "config\\external_apis.yaml",
        "hashed_secret": "f8ca0d7266886f4b5be9adddc9b66017b3bf1a4b",
        "is_verified": false,
        "line_number": 65
      },
      {
        "type": "Secret Keyword",
        "filename": "config\\external_apis.yaml",
        "hashed_secret": "6055a94983d9abfbb703e0bf791764eeb121d295",
        "is_verified": false,
        "line_number": 78
      },
      {
        "type": "Secret Keyword",
        "filename": "config\\external_apis.yaml",
        "hashed_secret": "c54e7799e6d88e757262177b4bbfcb9e8e55e3e7",
        "is_verified": false,
        "line_number": 82
      }
    ],
    "config\\prod.env": [
      {
        "type": "Secret Keyword",
        "filename": "config\\prod.env",
        "hashed_secret": "51a4ac1f470c810b6c6829211ef46b545b813f73",
        "is_verified": false,
        "line_number": 5
      },
      {
        "type": "Secret Keyword",
        "filename": "config\\prod.env",
        "hashed_secret": "d74779443494cdba1827db7e92ce7e4619340d7e",
        "is_verified": false,
        "line_number": 9
      },
      {
        "type": "Secret Keyword",
        "filename": "config\\prod.env",
        "hashed_secret": "b8717f32ef08581d5b845aa8a0fb08089a5d5147",
        "is_verified": false,
        "line_number": 13
      },
      {
        "type": "Secret Keyword",
        "filename": "config\\prod.env",
        "hashed_secret": "691e8c7beb2266397ee4cc2f17d6ac971c8f8afc",
        "is_verified": false,
        "line_number": 14
      },
      {
        "type": "Secret Keyword",
        "filename": "config\\prod.env",
        "hashed_secret": "36e6addbac7292b34084ee6d0acaf84fff50d2e5",
        "is_verified": false,
        "line_number": 15
      },
      {
        "type": "Secret Keyword",
        "filename": "config\\prod.env",
        "hashed_secret": "849a91d8f01bdc1a93f54c186b704d2308a0984d",
        "is_verified": false,
        "line_number": 16
      },
      {
        "type": "Secret Keyword",
        "filename": "config\\prod.env",
        "hashed_secret": "4c534e7a2ce2e3a87a1e2cd7cf9e2823255a50ce",
        "is_verified": false,
        "line_number": 17
      },
      {
        "type": "Secret Keyword",
        "filename": "config\\prod.env",
        "hashed_secret": "5e3660b83b55e9afddf5fbb08a499174683896f6",
        "is_verified": false,
        "line_number": 18
      },
      {
        "type": "Secret Keyword",
        "filename": "config\\prod.env",
        "hashed_secret": "bd13fbdb628e401d220afdb7cee34eff608825a7",
        "is_verified": false,
        "line_number": 19
      },
      {
        "type": "Secret Keyword",
        "filename": "config\\prod.env",
        "hashed_secret": "bd9b095e2e21976a8e9912712256d006712e4639",
        "is_verified": false,
        "line_number": 20
      },
      {
        "type": "Secret Keyword",
        "filename": "config\\prod.env",
        "hashed_secret": "6010f20f65f38c949904c69a022bedad62882a44",
        "is_verified": false,
        "line_number": 21
      },
      {
        "type": "Secret Keyword",
        "filename": "config\\prod.env",
        "hashed_secret": "51e27873dd41f9e6042bd3299ab1998209432957",
        "is_verified": false,
        "line_number": 22
      },
      {
        "type": "Secret Keyword",
        "filename": "config\\prod.env",
        "hashed_secret": "b530a9191c340d422f91203d236e872b1e334816",
        "is_verified": false,
        "line_number": 32
      },
      {
        "type": "Secret Keyword",
        "filename": "config\\prod.env",
        "hashed_secret": "c79cf4c378c2f31c2202a658cb4ca1cafa055faa",
        "is_verified": false,
        "line_number": 33
      },
      {
        "type": "Secret Keyword",
        "filename": "config\\prod.env",
        "hashed_secret": "34e081f5e75db20ba289fdbd4e05255a2e4a9370",
        "is_verified": false,
        "line_number": 37
      },
      {
        "type": "Secret Keyword",
        "filename": "config\\prod.env",
        "hashed_secret": "16a21f252a8185f03638d36ad153bcc31c3e7d26",
        "is_verified": false,
        "line_number": 39
      },
      {
        "type": "Secret Keyword",
        "filename": "config\\prod.env",
        "hashed_secret": "9bb73039b333a31ff99972d7daf55372fc33ced9",
        "is_verified": false,
        "line_number": 40
      },
      {
        "type": "Secret Keyword",
        "filename": "config\\prod.env",
        "hashed_secret": "dd3511213e170db930cc13ca71e2cc32384ad478",
        "is_verified": false,
        "line_number": 41
      }
    ],
    "config\\staging.env": [
      {
        "type": "Basic Auth Credentials",
        "filename": "config\\staging.env",
        "hashed_secret": "e8d4a2f731a2b37fcb169639d14ccb9350952d59",
        "is_verified": false,
        "line_number": 3
      }
    ],
    "docker-compose.yml": [
      {
        "type": "Basic Auth Credentials",
        "filename": "docker-compose.yml",
        "hashed_secret": "eaec42ede67acb45ff1b315b958d55b6871519ed",
        "is_verified": false,
        "line_number": 4
      }
    ],
    "migrations\\env.py": [
      {
        "type": "Basic Auth Credentials",
        "filename": "migrations\\env.py",
        "hashed_secret": "9d4e1e23bd5b727046a9e3b4b7db57bd8d6ee684",
        "is_verified": false,
        "line_number": 11
      }
    ],
    "scripts\\persistent_controls_restore.py": [
      {
        "type": "Secret Keyword",
        "filename": "scripts\\persistent_controls_restore.py",
        "hashed_secret": "dbdab9be92cacdae6a97e8601332bfaa8545800f",
        "is_verified": false,
        "line_number": 59
      }
    ],
    "scripts\\security_assessment.py": [
      {
        "type": "Secret Keyword",
        "filename": "scripts\\security_assessment.py",
        "hashed_secret": "efbfe7b6db6d66f600a1342fe6aab06784a90a6e",
        "is_verified": false,
        "line_number": 11
      }
    ]
  },
  "generated_at": "2026-06-04T13:40:05Z"
}
